
Running 36 tests using 1 worker

≡ƒº¬ Test: Direct inventory access without login
Current URL: https://www.saucedemo.com/
Γ£à Correctly redirected to login page
  Γ£ô   1 [chromium] ΓÇ║ tests\negative-cases.spec.ts:27:9 ΓÇ║ Negative & Edge Cases ΓÇ║ NC-001: Unauthorized Access Attempts ΓÇ║ NC-001-01: Direct navigation to inventory without login should redirect to login (1.8s)
≡ƒº¬ Test: Direct cart access without login
Current URL: https://www.saucedemo.com/
Γ£à Correctly redirected to login page
  Γ£ô   2 [chromium] ΓÇ║ tests\negative-cases.spec.ts:44:9 ΓÇ║ Negative & Edge Cases ΓÇ║ NC-001: Unauthorized Access Attempts ΓÇ║ NC-001-02: Direct navigation to cart without login should redirect to login (1.9s)
≡ƒº¬ Test: Direct checkout access without login
Current URL: https://www.saucedemo.com/
Γ£à Correctly redirected to login page
  Γ£ô   3 [chromium] ΓÇ║ tests\negative-cases.spec.ts:61:9 ΓÇ║ Negative & Edge Cases ΓÇ║ NC-001: Unauthorized Access Attempts ΓÇ║ NC-001-03: Direct navigation to checkout without login should redirect to login (1.3s)
≡ƒº¬ Test: Checkout form with valid data
Γ£à Logged in successfully
Γ£à Product added to cart
Γ£à Navigated to checkout
  Γ£ÿ   4 [chromium] ΓÇ║ tests\negative-cases.spec.ts:80:9 ΓÇ║ Negative & Edge Cases ΓÇ║ NC-002: Empty Form Field Validation ΓÇ║ NC-002-01: Verify checkout form accepts valid shipping information (3.7s)
≡ƒº¬ Test: Checkout form field accessibility
Γ£à Logged in successfully
Γ£à Product added to cart
Γ£à Navigated to checkout
Γ£à All form fields are visible and accessible
  Γ£ô   5 [chromium] ΓÇ║ tests\negative-cases.spec.ts:112:9 ΓÇ║ Negative & Edge Cases ΓÇ║ NC-002: Empty Form Field Validation ΓÇ║ NC-002-02: Verify form fields are present and focused (4.5s)
≡ƒº¬ Test: Checkout continue button functionality
Γ£à Logged in successfully
Γ£à Product added to cart
Γ£à Navigated to checkout
Γ£à Continue button is visible and functional
  Γ£ô   6 [chromium] ΓÇ║ tests\negative-cases.spec.ts:145:9 ΓÇ║ Negative & Edge Cases ΓÇ║ NC-002: Empty Form Field Validation ΓÇ║ NC-002-03: Verify continue button is functional in checkout (3.3s)
≡ƒº¬ Test: Session persistence on page refresh
  Γ£ÿ   7 [chromium] ΓÇ║ tests\negative-cases.spec.ts:175:9 ΓÇ║ Negative & Edge Cases ΓÇ║ NC-003: Session & Timeout Scenarios ΓÇ║ NC-003-01: Verify session persists after page refresh (1.1m)
≡ƒº¬ Test: Session persistence during navigation
  Γ£ÿ   8 [chromium] ΓÇ║ tests\negative-cases.spec.ts:200:9 ΓÇ║ Negative & Edge Cases ΓÇ║ NC-003: Session & Timeout Scenarios ΓÇ║ NC-003-02: Verify session persists after navigation (1.1m)
≡ƒº¬ Test: Special characters in username
Γ£à Special characters handled safely: "Epic sadface: Username and password do not match any user in this service"
  Γ£ô   9 [chromium] ΓÇ║ tests\negative-cases.spec.ts:230:9 ΓÇ║ Negative & Edge Cases ΓÇ║ NC-004: Invalid Data Handling ΓÇ║ NC-004-01: Special characters in username should handle gracefully (5.2s)
≡ƒº¬ Test: SQL injection prevention in username
Γ£à SQL injection prevented: "Epic sadface: Username and password do not match any user in this service"
  Γ£ô  10 [chromium] ΓÇ║ tests\negative-cases.spec.ts:250:9 ΓÇ║ Negative & Edge Cases ΓÇ║ NC-004: Invalid Data Handling ΓÇ║ NC-004-02: SQL injection attempt in username field (3.8s)
≡ƒº¬ Test: Very long string in username
Γ£à Long input handled safely
  Γ£ô  11 [chromium] ΓÇ║ tests\negative-cases.spec.ts:270:9 ΓÇ║ Negative & Edge Cases ΓÇ║ NC-004: Invalid Data Handling ΓÇ║ NC-004-03: Very long string in username field (7.0s)
≡ƒº¬ Test: Empty cart after removing all items
Γ£à Logged in successfully
Γ£à Added 2 products to cart
Cart items: 2
Cart items after removal: 0
Γ£à Cart is now empty
  Γ£ô  12 [chromium] ΓÇ║ tests\negative-cases.spec.ts:292:9 ΓÇ║ Negative & Edge Cases ΓÇ║ NC-005: Cart Edge Cases ΓÇ║ NC-005-01: Remove all items from cart should show empty cart (11.9s)
≡ƒº¬ Test: Add same product multiple times
Γ£à Logged in successfully
  Γ£ÿ  13 [chromium] ΓÇ║ tests\negative-cases.spec.ts:322:9 ΓÇ║ Negative & Edge Cases ΓÇ║ NC-005: Cart Edge Cases ΓÇ║ NC-005-02: Add same product multiple times (1.2m)
≡ƒº¬ Test: Price currency format validation
Γ£à Logged in successfully
  Γ£ÿ  14 [chromium] ΓÇ║ tests\negative-cases.spec.ts:345:9 ΓÇ║ Negative & Edge Cases ΓÇ║ NC-005: Cart Edge Cases ΓÇ║ NC-005-03: Verify prices are displayed as currency format (1.2m)
